---
source: tui/src/bottom_pane/chat_composer.rs
expression: terminal.backend()
---
"▌short                                                                                              "
"▌                                                                                                   "
"▌                                                                                                   "
"▌                                                                                                   "
"▌                                                                                                   "
"▌                                                                                                   "
"▌                                                                                                   "
"▌                                                                                                   "
"▌                                                                                                   "
" Enter send   ⌃J newline   ⌃T transcript   ⌃C quit                                                  "
